<div>
  Host app
</div>
<button>
  Toggle
</button>
<button>
  Open
</button>
<p>
  isOpened: false
</p>
<script>
  $csr_then_toggle_slot_index_C=(window.$csr_then_toggle_slot_index_C||[]).concat({"l":1,"w":[["s0-8",0,{},{"f":1}]],"t":["jtJZ9D96"]})
</script>