<div>
  Host app
</div>
<button>
  Change
</button>
<div
  data-src="embed"
  id="GENERATED-0"
>
  <noscript
    id="GENERATED-1"
  />
</div>
<div
  data-from="test"
  data-slot="slot_1"
  id="GENERATED-2"
>
  <p>
    test_html for slot_1
  </p>
</div>