<div>
  Host app
</div>
<button>
  Change
</button>
<script>
  $csr_then_change_src_index_C=(window.$csr_then_change_src_index_C||[]).concat({"l":1,"w":[["s0-8",0,{},{"f":1}]],"t":["hjKmUtFR"]})
</script>