<div>
  Host app
</div>
<div>
  Custom fetch(src: embed) content.
</div>
<script>
  $csr_custom_fetch_index_C=(window.$csr_custom_fetch_index_C||[]).concat({"l":1,"w":[["s0-8",0,{},{"f":1}]],"t":["Bj+pRfsl"]})
</script>