<div>
  Host app
</div>
<div />
<div>
  <div>
      Embedded App.  
    <script>
      window.inlineScriptValues = []
    </script>
      
    <script
      src="/external.js?value=a"
    />
      
    <script>
      inlineScriptValues.push(0, scriptValues.at(-1));
    </script>
      
    <script
      src="/external.js?value=b"
    />
      
    <script>
      inlineScriptValues.push(1, scriptValues.at(-1));
    </script>
      
    <script
      src="/external.js?value=c"
    />
  </div>
</div>
<div>
  <p>
    test_html for slot_2
  </p>
</div>
<script>
  $csr_blocking_scripts_index_C=(window.$csr_blocking_scripts_index_C||[]).concat({"l":1,"w":[["s0-8",0,{},{"f":1}]],"t":["58TZceqP"]})
</script>