<div>
  Host app
</div>
<div>
  <div>
    Embedded App. 
    <script
      src="/external.js?value=a"
    />
    <script
      async=""
      src="/external.js?value=b"
    />
    <script
      defer=""
      src="/external.js?value=c"
    />
    <script
      nomodule=""
      src="/external.js?value=d"
    />
    <script
      src="/external.js?value=e"
      type="module"
    />
     After blocking.
  </div>
  <link
    href="/external.js?value=e"
    rel="modulepreload"
  />
</div>
<script>
  $csr_script_preloads_index_C=(window.$csr_script_preloads_index_C||[]).concat({"l":1,"w":[["s0-8",0,{},{"f":1}]],"t":["Ih3ILBPd"]})
</script>