<div>
  Host app
</div>
<div>
  mounted: false
</div>
<div
  data-src="embed"
  id="GENERATED-0"
>
  <div>
    Embedded App.
  </div>
</div>
<script>
  $ssr_then_csr_index_C=(window.$ssr_then_csr_index_C||[]).concat({"l":1,"w":[["s0-8",0,{},{"f":1}]],"t":["UHmt/CBc"]})
</script>