<div>
  Host app
</div>
<div>
  mounted: false
</div>
<div
  data-ssr="embed"
>
  <div>
    Embedded App.
  </div>
</div>