<div>
  Host app
</div>
<div />
<div>
  <div>
      Embedded App.  
    <script
      src="/external.js?value=a"
    />
  </div>
  <link
    as="script"
    href="/external.js?value=b"
    rel="preload"
  />
  <link
    as="script"
    href="/external.js?value=c"
    rel="preload"
  />
  <link
    href="/external.js?value=e"
    rel="modulepreload"
  />
</div>
<div>
  <p>
    test_html for slot_2
  </p>
</div>
<script>
  $csr_script_preloads_index_C=(window.$csr_script_preloads_index_C||[]).concat({"l":1,"w":[["s0-8",0,{},{"f":1}]],"t":["9cRxm3gR"]})
</script>