<div>
  Host app
</div>
<div
  data-src="embed"
  id="GENERATED-0"
>
  <noscript
    id="GENERATED-1"
  />
</div>
<div
  data-from="test"
  data-slot="slot_1"
  id="GENERATED-2"
>
  <noscript
    id="GENERATED-3"
  />
  <p>
    test_html for slot_1
  </p>
  <noscript
    id="GENERATED-4"
  />
</div>
<div
  data-from="test"
  data-slot="slot_2"
  id="GENERATED-5"
>
  <noscript
    id="GENERATED-6"
  />
  <p>
    test_html for slot_2
  </p>
  <noscript
    id="GENERATED-7"
  />
</div>
<div
  id="GENERATED-8"
  style="display:none"
/>
<div
  id="GENERATED-9"
  style="display:none"
/>
<script>
  function $af(d,a,e,l,g,h,k,b,f,c){c=$af;if(a&&!c[a])(c[a+="$"]||(c[a]=[])).push(d);else{e=document;l=e.getElementById("af"+d);g=e.getElementById("afph"+d);h=e.createDocumentFragment();k=l.childNodes;b=0;for(f=k.length;b&lt;f;b++)h.appendChild(k.item(0));g&&g.parentNode.replaceChild(h,g);c[d]=1;if(a=c[d+"$"])for(b=0,f=a.length;b&lt;f;b++)c(a[b])}};$af(0);$af(2)
</script>
<div
  id="GENERATED-10"
  style="display:none"
/>
<script>
  $af(4)
</script>
<div
  id="GENERATED-11"
  style="display:none"
/>
<div
  id="GENERATED-12"
  style="display:none"
>
  next chunk for slot_1
  <noscript
    id="GENERATED-13"
  />
</div>
<div
  id="GENERATED-14"
  style="display:none"
/>
<div
  id="GENERATED-15"
  style="display:none"
/>
<div
  id="GENERATED-16"
  style="display:none"
/>
<div
  id="GENERATED-17"
  style="display:none"
/>
<script>
  $af(5);$af(6);$af(8);$af(7);$af(1);$af(3)
</script>