<div>
  Host app
</div>
<div
  data-src="missing"
  id="GENERATED-0"
/>