<div>
  Host app
</div>
<div
  data-ssr="missing"
>
  Error: Not Found
</div>