<div>
  Host app
</div>
<div
  data-src="embed"
  id="GENERATED-0"
>
  SSE streaming...
  <noscript
    id="GENERATED-1"
  />
</div>
<div
  data-from="test"
  data-slot-id="slot_1"
  id="GENERATED-2"
>
  Loading...
  <p>
    test_html for slot_1
  </p>
  next chunk for slot_1
  <noscript
    id="GENERATED-3"
  />
  <noscript
    id="GENERATED-4"
  />
</div>
<div
  data-from="test"
  data-slot-id="slot_2"
  id="GENERATED-5"
>
  Loading...
  <p>
    test_html for slot_2
  </p>
  <noscript
    id="GENERATED-6"
  />
  <noscript
    id="GENERATED-7"
  />
</div>
<div
  id="GENERATED-8"
  style="display:none"
/>
<div
  id="GENERATED-9"
  style="display:none"
/>
<script>
  function $af(d,a,e,l,g,h,k,b,f,c){c=$af;if(a&&!c[a])(c[a+="$"]||(c[a]=[])).push(d);else{e=document;l=e.getElementById("af"+d);g=e.getElementById("afph"+d);h=e.createDocumentFragment();k=l.childNodes;b=0;for(f=k.length;b&lt;f;b++)h.appendChild(k.item(0));g&&g.parentNode.replaceChild(h,g);c[d]=1;if(a=c[d+"$"])for(b=0,f=a.length;b&lt;f;b++)c(a[b])}};$af(0);$af(1)
</script>
<div
  id="GENERATED-10"
  style="display:none"
/>
<script>
  $af(3)
</script>
<div
  id="GENERATED-11"
  style="display:none"
/>
<script>
  $af(6)
</script>
<div
  id="GENERATED-12"
  style="display:none"
>
  <script>
    ((e,t,d)=&gt;{t=document.getElementById(e);do{t.removeChild(d=t.firstChild)}while(d.data!==e)})("s0-9-0");
  </script>
</div>