<div>
  Host app
</div>
<div
  data-src="embed"
  id="GENERATED-0"
>
  <noscript
    id="GENERATED-1"
  />
</div>
<div
  data-from="test"
  data-slot="slot_1"
  id="GENERATED-2"
>
  <span
    id="GENERATED-3"
  >
    Loading...
  </span>
  <noscript
    id="GENERATED-4"
  />
</div>
<div
  data-from="test"
  data-slot="slot_2"
  id="GENERATED-5"
>
  <span
    id="GENERATED-6"
  >
    Loading...
  </span>
  <noscript
    id="GENERATED-7"
  />
</div>