<div>
  Host app
</div>
<div
  data-src="embed"
  id="GENERATED-0"
/>
<div
  data-from="test"
  data-slot-id="slot_1"
  id="GENERATED-1"
>
  <p>
    test_html for slot_1
  </p>
  next chunk for slot_1
</div>
<div
  data-from="test"
  data-slot-id="slot_2"
  id="GENERATED-2"
>
  <p>
    test_html for slot_2
  </p>
</div>
<div
  id="GENERATED-3"
  style="display:none"
/>
<script>
  ((e,t,d)=&gt;{t=document.getElementById(e);do{t.removeChild(d=t.firstChild)}while(d.data!==e)})("s0-9-0");;((e,t,d)=&gt;{t=document.getElementById(e);do{t.removeChild(d=t.firstChild)}while(d.data!==e)})("s0-10-0");;function $af(d,a,e,l,g,h,k,b,f,c){c=$af;if(a&&!c[a])(c[a+="$"]||(c[a]=[])).push(d);else{e=document;l=e.getElementById("af"+d);g=e.getElementById("afph"+d);h=e.createDocumentFragment();k=l.childNodes;b=0;for(f=k.length;b&lt;f;b++)h.appendChild(k.item(0));g&&g.parentNode.replaceChild(h,g);c[d]=1;if(a=c[d+"$"])for(b=0,f=a.length;b&lt;f;b++)c(a[b])}};$af(0)
</script>
<div
  id="GENERATED-4"
  style="display:none"
/>
<script>
  $af(1)
</script>
<div
  id="GENERATED-5"
  style="display:none"
/>
<script>
  $af(2)
</script>
<div
  id="GENERATED-6"
  style="display:none"
/>
<div
  id="GENERATED-7"
  style="display:none"
/>
<script>
  $af(4);$af(3)
</script>