<div>
  Host app
</div>
<div />
<div />
<div />
<script>
  $csr_crossorigin_and_integrity_preloads_index_C=(window.$csr_crossorigin_and_integrity_preloads_index_C||[]).concat({"l":1,"w":[["s0-8",0,{},{"f":1}]],"t":["5HtQq4L/"]})
</script>