<div>
  Host app
</div>
<button>
  Change
</button>
<div
  data-src="embed"
  id="GENERATED-0"
>
  <noscript
    id="GENERATED-1"
  />
</div>
<div
  data-from="test"
  data-slot="slot_1"
  id="GENERATED-2"
>
  <p>
    test_html for slot_1
  </p>
  next chunk for slot_1
</div>
<div
  data-from="test"
  data-slot="slot_2"
  id="GENERATED-3"
>
  <p>
    test_html for slot_2
  </p>
</div>
<div
  id="GENERATED-4"
  style="display:none"
>
  <noscript
    id="GENERATED-5"
  />
</div>
<div
  id="GENERATED-6"
  style="display:none"
/>
<script>
  function $af(d,a,e,l,g,h,k,b,f,c){c=$af;if(a&&!c[a])(c[a+="$"]||(c[a]=[])).push(d);else{e=document;l=e.getElementById("af"+d);g=e.getElementById("afph"+d);h=e.createDocumentFragment();k=l.childNodes;b=0;for(f=k.length;b&lt;f;b++)h.appendChild(k.item(0));g&&g.parentNode.replaceChild(h,g);c[d]=1;if(a=c[d+"$"])for(b=0,f=a.length;b&lt;f;b++)c(a[b])}};$af(0);$af(1);$ssr_no_refresh_index_C=(window.$ssr_no_refresh_index_C||[]).concat({"l":1,"w":[["s0-8",0,{},{"f":1}]],"t":["Za8QocXx"]})
</script>