<div>
  Host app
</div>
<div>
  <div>
    Embedded App. 
    <script
      src="/external.js?value=a"
    />
    <img
      src="/external-a.gif"
    />
    <img
      sizes="(max-width: 600px) 480px, 800px"
      src="/external-d.gif"
      srcset="/external-b.gif 480w, /external-c.gif 800w"
    />
     After blocking.
  </div>
  <link
    as="image"
    imagesizes="(max-width: 600px) 480px, 800px"
    imagesrcset="/external-b.gif 480w, /external-c.gif 800w"
    rel="preload"
  />
</div>
<script>
  $csr_image_preloads_index_C=(window.$csr_image_preloads_index_C||[]).concat({"l":1,"w":[["s0-8",0,{},{"f":1}]],"t":["cw6ME9To"]})
</script>