<div>
  Host app
</div>
<div />
<div />
<div />
<script>
  $csr_blocking_styles_index_C=(window.$csr_blocking_styles_index_C||[]).concat({"l":1,"w":[["s0-8",0,{},{"f":1}]],"t":["wZ8ybdNT"]})
</script>