<div>
  Host app
</div>
<div
  data-from="test"
  data-slot="slot_1"
  id="GENERATED-0"
>
  <p>
    test_html for slot_1
  </p>
</div>