<div>
  Host app
</div>
<div
  data-from="test"
  data-slot="slot_1"
  id="GENERATED-0"
>
  <p>
    test_html for slot_1
  </p>
  next chunk for slot_1
</div>
<div
  data-from="test"
  data-slot="slot_2"
  id="GENERATED-1"
>
  <p>
    test_html for slot_2
  </p>
</div>