<div>
  Host app
</div>
<div />
<script>
  $csr_blocking_scripts_index_C=(window.$csr_blocking_scripts_index_C||[]).concat({"l":1,"w":[["s0-8",0,{},{"f":1}]],"t":["PyGxOJKL"]})
</script>