<div>
  Host app
</div>
<div
  data-ssr="embed"
/>