<div>
  Host app
</div>
<script>
  $csr_image_preloads_index_C=(window.$csr_image_preloads_index_C||[]).concat({"l":1,"w":[["s0-8",0,{},{"f":1}]],"t":["T7bqTrzJ"]})
</script>