<div>
  Host app
</div>
<div
  data-src="embed"
  id="GENERATED-0"
>
  Loading...
  <div>
    <h1>
      Hello
    </h1>
    <h2>
      World
    </h2>
  </div>
</div>