<div>
  Host app
</div>
<div />
<div>
  <div>
      Embedded App.  
    <link
      href="/external.css?color=#cb95fc"
      rel="stylesheet"
    />
      
    <link
      href="/external.css?color=#5bbfb8"
      rel="alternate"
    />
      
    <link
      href="/external.css?color=#763eee"
      media="print"
      rel="stylesheet"
    />
      
    <link
      href="/external.css?color=#851cd7"
      rel="stylesheet"
    />
      After blocking.
  </div>
  next chunk for slot_1
</div>
<div>
  <p>
    test_html for slot_2
  </p>
</div>
<script>
  $csr_link_preloads_index_C=(window.$csr_link_preloads_index_C||[]).concat({"l":1,"w":[["s0-8",0,{},{"f":1}]],"t":["K3+v7k0K"]})
</script>