<div>
  Host app
</div>
<div>
  mounted: true
</div>
<div>
  <noscript
    id="GENERATED-0"
  />
</div>
<div>
  <noscript
    id="GENERATED-1"
  />
  <noscript
    id="GENERATED-2"
  />
</div>
<div>
  <noscript
    id="GENERATED-3"
  />
  <noscript
    id="GENERATED-4"
  />
</div>
<script>
  $ssr_then_csr_index_C=(window.$ssr_then_csr_index_C||[]).concat({"w":[["s0-8",0,{},{"f":1}]],"t":["wYSIUeCx"]})
</script>