<div>
  Host app
</div>
<script>
  $csr_delayed_slot_index_C=(window.$csr_delayed_slot_index_C||[]).concat({"l":1,"w":[["s0-8",0,{},{"f":1}]],"t":["Lnd5X8oE"]})
</script>