<div>
  Host app
</div>
<button>
  Toggle
</button>
<div />
<div>
  <p>
    test_html for slot_1
  </p>
</div>
<div />
<script>
  $ssr_then_toggle_index_C=(window.$ssr_then_toggle_index_C||[]).concat({"w":[["s0-8",0,{},{"f":1}]],"t":["v4YboeqB"]})
</script>
<div
  id="GENERATED-0"
  style="display:none"
/>
<div
  id="GENERATED-1"
  style="display:none"
/>
<script>
  function $af(d,a,e,l,g,h,k,b,f,c){c=$af;if(a&&!c[a])(c[a+="$"]||(c[a]=[])).push(d);else{e=document;l=e.getElementById("af"+d);g=e.getElementById("afph"+d);h=e.createDocumentFragment();k=l.childNodes;b=0;for(f=k.length;b&lt;f;b++)h.appendChild(k.item(0));g&&g.parentNode.replaceChild(h,g);c[d]=1;if(a=c[d+"$"])for(b=0,f=a.length;b&lt;f;b++)c(a[b])}};$af(0);$af(1)
</script>
<div
  id="GENERATED-2"
  style="display:none"
/>
<script>
  $af(3)
</script>
<div
  id="GENERATED-3"
  style="display:none"
/>
<script>
  $af(6)
</script>
<div
  id="GENERATED-4"
  style="display:none"
/>
<div
  id="GENERATED-5"
  style="display:none"
/>
<div
  id="GENERATED-6"
  style="display:none"
/>
<div
  id="GENERATED-7"
  style="display:none"
/>
<div
  id="GENERATED-8"
  style="display:none"
/>
<script>
  $af(2);$af(4);$af(5);$af(8);$af(7);$ssr_then_toggle_index_C=(window.$ssr_then_toggle_index_C||[]).concat({"l":1})
</script>