<div>
  Host app
</div>
<div>
  Error: Not Found
</div>
<script>
  $csr_404_index_C=(window.$csr_404_index_C||[]).concat({"l":1,"w":[["s0-8",0,{},{"f":1}]],"t":["ELCP9lvX"]})
</script>