<div>
  Host app
</div>
<button>
  Toggle
</button>
<div
  data-ssr="embed"
>
  <div>
    Embedded App.
  </div>
</div>