<div>
  Host app
</div>
<button>
  Toggle
</button>
<div
  data-ssr="embed"
/>