<div>
  Host app
</div>
<button>
  Toggle
</button>
<div>
  <div>
    Embedded App.
  </div>
</div>
<script>
  $ssr_then_toggle_index_C=(window.$ssr_then_toggle_index_C||[]).concat({"l":1,"w":[["s0-8",0,{},{"f":1}]],"t":["vqO94XDy"]})
</script>