<div>
  Host app
</div>
<div>
  Loading...
  <div>
    <h1>
      Hello
    </h1>
  </div>
</div>
<script>
  $csr_stream_loading_index_C=(window.$csr_stream_loading_index_C||[]).concat({"l":1,"w":[["s0-8",0,{},{"f":1}]],"t":["AjP9JiJx"]})
</script>