<div>
  Host app
</div>
<div>
  <div>
    Embedded App.
  </div>
</div>
<script>
  $csr_only_index_C=(window.$csr_only_index_C||[]).concat({"l":1,"w":[["s0-8",0,{},{"f":1}]],"t":["XTAXV1jy"]})
</script>