<div>
  Host app
</div>
<div />
<div>
  <p>
    test_html for slot_1
  </p>
</div>
<div>
  Loading...
</div>
<script>
  $csr_slot_done_signal_index_C=(window.$csr_slot_done_signal_index_C||[]).concat({"l":1,"w":[["s0-8",0,{},{"f":1}]],"t":["ncC6d1Qm"]})
</script>